// Jest Snapshot v1, https://goo.gl/fbAQLP

exports[`create documentation example project 1`] = `
"# ~~ Generated by projen. To modify, edit .projenrc.js and run \\"npx projen\\".

stages:
  - devbuild
  - devdeploy
  - prdbuild
  - prddeploy
dev_job1:
  image:
    name: mycompany/buildimage:latest
  script:
    - build my app
  stage: devbuild
  tags:
    - dev-runner
dev_job2:
  image:
    name: mycompany/buildimage:latest
  script:
    - upload to dev
  stage: devdeploy
  tags:
    - dev-runner
prd_job1:
  image:
    name: mycompany/buildimage:latest
  script:
    - build my app
  stage: prdbuild
  tags:
    - prd-runner
prd_job2:
  image:
    name: mycompany/buildimage:latest
  script:
    - upload to prd
  stage: prddeploy
  tags:
    - prd-runner
"
`;
