// Jest Snapshot v1, https://goo.gl/fbAQLP

exports[`Test stage ordering from jobs sequences and nested templates 1`] = `
"# ~~ Generated by projen. To modify, edit .projenrc.js and run \\"npx projen\\".

include:
  - local: .gitlab/ci-templates/foo.yml
  - local: .gitlab/ci-templates/baz.yml
stages:
  - stage1
  - stage2
  - stage3
  - stage4
  - stage5
  - stage6
  - stage7
  - stage8
  - stage9
  - stage10
  - stage11
  - stage12
  - stage13
  - stage14
bar_job1:
  stage: stage3
bar_seq1_job1:
  stage: stage4
bar_jobx:
  stage: stage5
bar_job2:
  stage: stage12
bar_joby:
  stage: stage13
job1:
  stage: stage6
baz_job1:
  stage: stage7
baz_seq1_job1:
  stage: stage8
baz_seq1_jobx:
  stage: stage5
baz_seq1_joby:
  stage: stage13
baz_job2:
  stage: stage14
"
`;
